// Jest Snapshot v1, https://goo.gl/fbAQLP

exports[`Test <SearchInput/> it must be displayed correctly 1`] = `
<input
  autoComplete="off"
  className="core__InputStyle-qu5lcc-5 SearchInput__SearchInputStyle-uz7aty-0 eMTzQF GMxWa"
  name="searchText"
  onChange={[Function]}
  onKeyPress={[Function]}
  placeholder="Tobus Quickwhistle"
  type="text"
  value=""
/>
`;
